✔︎ AppTwo uploaded [0.0s]
▌ ✔ Success
▌ Share AppTwo with others using the following link: https://test.tuist.io