! Warning

  The following items may need attention:
   â–¸ The project contains no hasheable targets for selective testing.