â–Œ âœ” Success
â–Œ AppClip1 was successfully launched ðŸ“²