â–Œ âœ” Success
â–Œ App was successfully launched ðŸ“²